[2025-07-03 17:36:18.978] [INFO] [DatabaseManager] Attempting to connect to database: @/C:/Users/Virus-Co/IUT_FOOD/database/database_clean.sqlite
[2025-07-03 17:36:18.979] [INFO] [DatabaseManager] Database connected successfully
[2025-07-03 17:47:15.818] [INFO] [DatabaseManager] Attempting to connect to database: @/C:/Users/Virus-Co/IUT_FOOD/database/database_clean.sqlite
[2025-07-03 17:47:15.820] [INFO] [DatabaseManager] Database connected successfully
[2025-07-03 17:56:01.712] [INFO] [DatabaseManager] Attempting to connect to database: @/C:/Users/Virus-Co/IUT_FOOD/database/database_clean.sqlite
[2025-07-03 17:56:01.713] [INFO] [DatabaseManager] Database connected successfully
[2025-07-03 18:23:04.352] [INFO] [DatabaseManager] Attempting to connect to database: @/C:/Users/Virus-Co/IUT_FOOD/database/database_clean.sqlite
[2025-07-03 18:23:04.353] [INFO] [DatabaseManager] Database connected successfully
[2025-07-03 18:32:15.538] [INFO] [DatabaseManager] Attempting to connect to database: @/C:/Users/Virus-Co/IUT_FOOD/database/database_clean.sqlite
[2025-07-03 18:32:15.539] [INFO] [DatabaseManager] Database connected successfully
[2025-07-03 18:47:34.183] [INFO] [DatabaseManager] Attempting to connect to database: @/C:/Users/Virus-Co/IUT_FOOD/database/database_clean.sqlite
[2025-07-03 18:47:34.184] [INFO] [DatabaseManager] Database connected successfully
[2025-07-03 18:57:14.752] [INFO] [DatabaseManager] Attempting to connect to database: @/C:/Users/Virus-Co/IUT_FOOD/database/database_clean.sqlite
[2025-07-03 18:57:14.753] [INFO] [DatabaseManager] Database connected successfully
[2025-07-03 19:07:37.161] [INFO] [DatabaseManager] Attempting to connect to database: @/C:/Users/Virus-Co/IUT_FOOD/database/database_clean.sqlite
[2025-07-03 19:07:37.162] [INFO] [DatabaseManager] Database connected successfully
[2025-07-03 19:11:21.261] [INFO] [DatabaseManager] Attempting to connect to database: @/C:/Users/Virus-Co/IUT_FOOD/database/database_clean.sqlite
[2025-07-03 19:11:21.261] [INFO] [DatabaseManager] Database connected successfully
[2025-07-03 19:12:20.578] [INFO] [DatabaseManager] Customer created successfully: mahboobeh@gmail.com
[2025-07-03 19:27:28.678] [INFO] [DatabaseManager] Attempting to connect to database: @/C:/Users/Virus-Co/IUT_FOOD/database/database_clean.sqlite
[2025-07-03 19:27:28.679] [INFO] [DatabaseManager] Database connected successfully
[2025-07-03 19:39:27.368] [INFO] [DatabaseManager] Attempting to connect to database: @/C:/Users/Virus-Co/IUT_FOOD/database/database_clean.sqlite
[2025-07-03 19:39:27.369] [INFO] [DatabaseManager] Database connected successfully
[2025-07-03 19:41:40.654] [INFO] [DatabaseManager] Restaurant owner created successfully: mah@gmail.com
[2025-07-03 19:45:40.735] [INFO] [DatabaseManager] Attempting to connect to database: @/C:/Users/Virus-Co/IUT_FOOD/database/database_clean.sqlite
[2025-07-03 19:45:40.735] [INFO] [DatabaseManager] Database connected successfully
[2025-07-03 19:54:35.266] [INFO] [DatabaseManager] Attempting to connect to database: @/C:/Users/Virus-Co/IUT_FOOD/database/database_clean.sqlite
[2025-07-03 19:54:35.266] [INFO] [DatabaseManager] Database connected successfully
[2025-07-03 20:04:55.785] [INFO] [DatabaseManager] Attempting to connect to database: @/C:/Users/Virus-Co/IUT_FOOD/database/database_clean.sqlite
[2025-07-03 20:04:55.787] [INFO] [DatabaseManager] Database connected successfully
[2025-07-03 20:06:32.528] [INFO] [DatabaseManager] Restaurant owner created successfully: poor@gmail.com
[2025-07-03 20:44:29.972] [INFO] [DatabaseManager] Attempting to connect to database: @/C:/Users/Virus-Co/IUT_FOOD/database/database_clean.sqlite
[2025-07-03 20:44:29.973] [INFO] [DatabaseManager] Database connected successfully
[2025-07-03 20:46:17.690] [ERROR] [DatabaseManager] Failed to create restaurant owner: khastam@gmail.com
[2025-07-03 20:52:33.449] [INFO] [DatabaseManager] Attempting to connect to database: @/C:/Users/Virus-Co/IUT_FOOD/database/database_clean.sqlite
[2025-07-03 20:52:33.450] [INFO] [DatabaseManager] Database connected successfully
[2025-07-03 20:54:06.753] [INFO] [DatabaseManager] Restaurant owner created successfully: par@gmail.com
[2025-07-03 21:02:06.729] [INFO] [DatabaseManager] Attempting to connect to database: @/C:/Users/Virus-Co/IUT_FOOD/database/database_clean.sqlite
[2025-07-03 21:02:06.730] [INFO] [DatabaseManager] Database connected successfully
[2025-07-03 21:03:15.146] [INFO] [DatabaseManager] Restaurant owner created successfully: simin@gmail.com
[2025-07-03 21:25:41.447] [INFO] [DatabaseManager] Attempting to connect to database: @/C:/Users/Virus-Co/IUT_FOOD/database/database_clean.sqlite
[2025-07-03 21:25:41.448] [INFO] [DatabaseManager] Database connected successfully
[2025-07-03 21:27:53.250] [INFO] [DatabaseManager] Restaurant owner created successfully: hossein@gmail.com
[2025-07-03 21:37:10.524] [INFO] [DatabaseManager] Attempting to connect to database: @/C:/Users/Virus-Co/IUT_FOOD/database/database_clean.sqlite
[2025-07-03 21:37:10.525] [INFO] [DatabaseManager] Database connected successfully
[2025-07-03 21:40:03.340] [INFO] [DatabaseManager] Restaurant owner created successfully: nemikesham@gmail.com
[2025-07-03 21:51:00.493] [INFO] [DatabaseManager] Attempting to connect to database: @/C:/Users/Virus-Co/IUT_FOOD/database/database_clean.sqlite
[2025-07-03 21:51:00.494] [INFO] [DatabaseManager] Database connected successfully
[2025-07-03 21:58:44.777] [INFO] [DatabaseManager] Attempting to connect to database: @/C:/Users/Virus-Co/IUT_FOOD/database/database_clean.sqlite
[2025-07-03 21:58:44.777] [INFO] [DatabaseManager] Database connected successfully
[2025-07-03 22:24:58.545] [INFO] [DatabaseManager] Attempting to connect to database: @/C:/Users/Virus-Co/IUT_FOOD/database/database_clean.sqlite
[2025-07-03 22:24:58.545] [INFO] [DatabaseManager] Database connected successfully
[2025-07-03 22:34:08.132] [INFO] [DatabaseManager] Attempting to connect to database: @/C:/Users/Virus-Co/IUT_FOOD/database/database_clean.sqlite
[2025-07-03 22:34:08.133] [INFO] [DatabaseManager] Database connected successfully
[2025-07-03 22:38:49.766] [INFO] [DatabaseManager] Attempting to connect to database: @/C:/Users/Virus-Co/IUT_FOOD/database/database_clean.sqlite
[2025-07-03 22:38:49.766] [INFO] [DatabaseManager] Database connected successfully
[2025-07-03 23:01:10.159] [INFO] [DatabaseManager] Attempting to connect to database: @/C:/Users/Virus-Co/IUT_FOOD/database/database_clean.sqlite
[2025-07-03 23:01:10.160] [INFO] [DatabaseManager] Database connected successfully
[2025-07-03 23:02:33.090] [INFO] [DatabaseManager] Restaurant owner created successfully: saminn@gmail.com
[2025-07-03 23:06:07.829] [INFO] [DatabaseManager] Attempting to connect to database: @/C:/Users/Virus-Co/IUT_FOOD/database/database_clean.sqlite
[2025-07-03 23:06:07.829] [INFO] [DatabaseManager] Database connected successfully
[2025-07-03 23:09:06.646] [INFO] [DatabaseManager] Attempting to connect to database: @/C:/Users/Virus-Co/IUT_FOOD/database/database_clean.sqlite
[2025-07-03 23:09:06.647] [INFO] [DatabaseManager] Database connected successfully
[2025-07-03 23:12:57.688] [INFO] [DatabaseManager] Attempting to connect to database: @/C:/Users/Virus-Co/IUT_FOOD/database/database_clean.sqlite
[2025-07-03 23:12:57.689] [INFO] [DatabaseManager] Database connected successfully
[2025-07-03 23:50:18.157] [INFO] [DatabaseManager] Attempting to connect to database: @/C:/Users/Virus-Co/IUT_FOOD/database/database_clean.sqlite
[2025-07-03 23:50:18.158] [INFO] [DatabaseManager] Database connected successfully
[2025-07-03 23:59:55.896] [INFO] [DatabaseManager] Attempting to connect to database: @/C:/Users/Virus-Co/IUT_FOOD/database/database_clean.sqlite
[2025-07-03 23:59:55.897] [INFO] [DatabaseManager] Database connected successfully
