[2025-07-02 15:34:16.077] [INFO] [DatabaseManager] Attempting to connect to database: @/C:/Users/Virus-Co/IUT_FOOD/database/database.sqlite
[2025-07-02 15:34:16.078] [INFO] [DatabaseManager] Database connected successfully
[2025-07-02 15:45:20.659] [INFO] [DatabaseManager] Attempting to connect to database: @/C:/Users/Virus-Co/IUT_FOOD/database/database.sqlite
[2025-07-02 15:45:20.660] [INFO] [DatabaseManager] Database connected successfully
[2025-07-02 15:46:00.902] [INFO] [DatabaseManager] Restaurant owner created successfully: 4
[2025-07-02 15:46:02.151] [INFO] [DatabaseManager] Restaurant owner created successfully: 4
[2025-07-02 15:46:03.575] [INFO] [DatabaseManager] Restaurant owner created successfully: 4
[2025-07-02 15:46:03.793] [INFO] [DatabaseManager] Restaurant owner created successfully: 4
[2025-07-02 15:46:05.753] [INFO] [DatabaseManager] Restaurant owner created successfully: 4
[2025-07-02 15:46:06.144] [INFO] [DatabaseManager] Restaurant owner created successfully: 4
[2025-07-02 15:46:07.515] [INFO] [DatabaseManager] Restaurant owner created successfully: 4
[2025-07-02 15:46:07.941] [INFO] [DatabaseManager] Restaurant owner created successfully: 4
[2025-07-02 15:46:08.156] [INFO] [DatabaseManager] Restaurant owner created successfully: 4
[2025-07-02 15:46:10.123] [INFO] [DatabaseManager] Restaurant owner created successfully: 4
[2025-07-02 15:46:30.474] [INFO] [DatabaseManager] Customer created successfully: 4
[2025-07-02 15:46:31.675] [INFO] [DatabaseManager] Customer created successfully: 4
[2025-07-02 15:46:33.986] [INFO] [DatabaseManager] Customer created successfully: 4
[2025-07-02 15:47:51.117] [INFO] [DatabaseManager] Attempting to connect to database: @/C:/Users/Virus-Co/IUT_FOOD/database/database.sqlite
[2025-07-02 15:47:51.118] [INFO] [DatabaseManager] Database connected successfully
[2025-07-02 15:48:53.158] [INFO] [DatabaseManager] Customer created successfully: 4
[2025-07-02 15:48:54.433] [INFO] [DatabaseManager] Customer created successfully: 4
[2025-07-02 15:48:54.981] [INFO] [DatabaseManager] Customer created successfully: 4
[2025-07-02 15:48:58.780] [INFO] [DatabaseManager] Customer created successfully: 4
[2025-07-02 16:02:23.138] [INFO] [DatabaseManager] Attempting to connect to database: @/C:/Users/Virus-Co/IUT_FOOD/database/database.sqlite
[2025-07-02 16:02:23.139] [INFO] [DatabaseManager] Database connected successfully
[2025-07-02 16:02:58.135] [INFO] [DatabaseManager] Customer created successfully: 4
[2025-07-02 16:05:07.125] [INFO] [DatabaseManager] Attempting to connect to database: @/C:/Users/Virus-Co/IUT_FOOD/database/database.sqlite
[2025-07-02 16:05:07.126] [INFO] [DatabaseManager] Database connected successfully
[2025-07-02 16:05:30.093] [INFO] [DatabaseManager] Customer created successfully: 4
[2025-07-02 16:07:23.464] [INFO] [DatabaseManager] Customer created successfully: 4
[2025-07-02 16:11:04.654] [INFO] [DatabaseManager] Attempting to connect to database: @/C:/Users/Virus-Co/IUT_FOOD/database/database.sqlite
[2025-07-02 16:11:04.654] [INFO] [DatabaseManager] Database connected successfully
[2025-07-02 16:11:36.429] [INFO] [DatabaseManager] Customer created successfully: 4
[2025-07-02 16:12:00.459] [INFO] [DatabaseManager] Restaurant owner created successfully: 4
[2025-07-02 16:12:31.789] [INFO] [DatabaseManager] Restaurant owner created successfully: 44
[2025-07-02 16:18:26.107] [INFO] [DatabaseManager] Restaurant owner created successfully: 4
[2025-07-02 16:18:35.137] [INFO] [DatabaseManager] Restaurant owner created successfully: 4
[2025-07-02 16:31:21.665] [INFO] [DatabaseManager] Attempting to connect to database: @/C:/Users/Virus-Co/IUT_FOOD/database/database.sqlite
[2025-07-02 16:31:21.665] [INFO] [DatabaseManager] Database connected successfully
[2025-07-02 16:32:34.637] [INFO] [DatabaseManager] Customer created successfully: sara@gmail.com
[2025-07-02 16:32:43.552] [INFO] [DatabaseManager] Customer created successfully: sara@gmail.com
[2025-07-02 16:33:36.440] [INFO] [DatabaseManager] Customer created successfully: sara@gmail.com
[2025-07-02 16:34:46.855] [INFO] [DatabaseManager] Customer created successfully: sara@gmail.com
[2025-07-02 16:44:11.370] [INFO] [DatabaseManager] Attempting to connect to database: @/C:/Users/Virus-Co/IUT_FOOD/database/database.sqlite
[2025-07-02 16:44:11.370] [INFO] [DatabaseManager] Database connected successfully
[2025-07-02 16:45:13.599] [INFO] [DatabaseManager] Customer created successfully: sima@gmail.com
[2025-07-02 16:45:17.363] [INFO] [DatabaseManager] Customer created successfully: sima@gmail.com
[2025-07-02 16:45:53.805] [INFO] [DatabaseManager] Customer created successfully: sima@gmail.com
[2025-07-02 16:53:38.874] [INFO] [DatabaseManager] Attempting to connect to database: @/C:/Users/Virus-Co/IUT_FOOD/database/database.sqlite
[2025-07-02 16:53:38.874] [INFO] [DatabaseManager] Database connected successfully
[2025-07-02 16:54:25.375] [INFO] [DatabaseManager] Customer created successfully: sima@gmail.com
[2025-07-02 16:55:05.179] [INFO] [DatabaseManager] Customer created successfully: 2
[2025-07-02 16:55:31.949] [INFO] [DatabaseManager] Customer created successfully: 2
[2025-07-02 16:55:48.816] [INFO] [DatabaseManager] Customer created successfully: sana@gmail.com
[2025-07-02 16:57:06.241] [INFO] [DatabaseManager] Customer created successfully: sana@gmail.com
[2025-07-02 17:01:47.556] [INFO] [DatabaseManager] Attempting to connect to database: @/C:/Users/Virus-Co/IUT_FOOD/database/database.sqlite
[2025-07-02 17:01:47.556] [INFO] [DatabaseManager] Database connected successfully
[2025-07-02 17:03:54.115] [INFO] [DatabaseManager] Customer created successfully: sama@gmail.com
[2025-07-02 17:03:57.689] [INFO] [DatabaseManager] Customer created successfully: sama@gmail.com
[2025-07-02 17:04:38.432] [INFO] [DatabaseManager] Customer created successfully: sama@gmail.com
[2025-07-02 17:05:51.952] [INFO] [DatabaseManager] Restaurant owner created successfully: 1
[2025-07-02 17:27:25.622] [INFO] [DatabaseManager] Attempting to connect to database: @/C:/Users/Virus-Co/IUT_FOOD/database/database_clean.sqlite
[2025-07-02 17:27:25.622] [INFO] [DatabaseManager] Database connected successfully
[2025-07-02 17:33:45.943] [INFO] [DatabaseManager] Attempting to connect to database: @/C:/Users/Virus-Co/IUT_FOOD/database/database_clean.sqlite
[2025-07-02 17:33:45.944] [INFO] [DatabaseManager] Database connected successfully
[2025-07-02 17:38:53.764] [INFO] [DatabaseManager] Attempting to connect to database: @/C:/Users/Virus-Co/IUT_FOOD/database/database_clean.sqlite
[2025-07-02 17:38:53.765] [INFO] [DatabaseManager] Database connected successfully
[2025-07-02 17:40:00.760] [INFO] [DatabaseManager] Customer created successfully: sana@gmail.com
[2025-07-02 17:40:08.416] [INFO] [DatabaseManager] Customer created successfully: sana@gmail.com
[2025-07-02 17:40:11.236] [INFO] [DatabaseManager] Customer created successfully: sana@gmail.com
[2025-07-02 17:40:11.905] [INFO] [DatabaseManager] Customer created successfully: sana@gmail.com
[2025-07-02 17:40:12.467] [INFO] [DatabaseManager] Customer created successfully: sana@gmail.com
[2025-07-02 17:40:48.650] [INFO] [DatabaseManager] Customer created successfully: 44444
[2025-07-02 17:40:50.374] [INFO] [DatabaseManager] Customer created successfully: 44444
[2025-07-02 18:06:10.996] [INFO] [DatabaseManager] Attempting to connect to database: @/C:/Users/Virus-Co/IUT_FOOD/database/database_clean.sqlite
[2025-07-02 18:06:10.997] [INFO] [DatabaseManager] Database connected successfully
[2025-07-02 18:08:36.942] [INFO] [DatabaseManager] Attempting to connect to database: @/C:/Users/Virus-Co/IUT_FOOD/database/database_clean.sqlite
[2025-07-02 18:08:36.943] [INFO] [DatabaseManager] Database connected successfully
[2025-07-02 18:11:55.130] [INFO] [DatabaseManager] Customer created successfully: maman@gmail.com
[2025-07-02 18:12:13.494] [INFO] [DatabaseManager] Customer created successfully: maman@gmail.com
[2025-07-02 18:12:18.537] [INFO] [DatabaseManager] Customer created successfully: maman@gmail.com
[2025-07-02 19:16:16.283] [INFO] [DatabaseManager] Attempting to connect to database: @/C:/Users/Virus-Co/IUT_FOOD/database/database_clean.sqlite
[2025-07-02 19:16:16.283] [INFO] [DatabaseManager] Database connected successfully
[2025-07-02 19:18:01.370] [INFO] [DatabaseManager] Customer created successfully: 123456
[2025-07-02 19:23:33.228] [INFO] [DatabaseManager] Attempting to connect to database: @/C:/Users/Virus-Co/IUT_FOOD/database/database_clean.sqlite
[2025-07-02 19:23:33.229] [INFO] [DatabaseManager] Database connected successfully
[2025-07-02 19:25:10.688] [INFO] [DatabaseManager] Customer created successfully: 123456
[2025-07-02 20:49:54.853] [INFO] [DatabaseManager] Attempting to connect to database: @/C:/Users/Virus-Co/IUT_FOOD/database/database_clean.sqlite
[2025-07-02 20:49:54.854] [INFO] [DatabaseManager] Database connected successfully
[2025-07-02 20:52:29.632] [INFO] [DatabaseManager] Customer created successfully: samaneh@gmail.com
[2025-07-02 21:16:34.203] [INFO] [DatabaseManager] Attempting to connect to database: @/C:/Users/Virus-Co/IUT_FOOD/database/database_clean.sqlite
[2025-07-02 21:16:34.204] [INFO] [DatabaseManager] Database connected successfully
[2025-07-02 21:17:51.118] [INFO] [DatabaseManager] Customer created successfully: samaneh@gmail.com
[2025-07-02 21:17:52.615] [ERROR] [DatabaseManager] Failed to create customer: samaneh@gmail.com
[2025-07-02 21:18:10.965] [ERROR] [DatabaseManager] Failed to create customer: samaneh@gmail.com
[2025-07-02 21:18:12.163] [ERROR] [DatabaseManager] Failed to create customer: samaneh@gmail.com
[2025-07-02 21:18:13.302] [ERROR] [DatabaseManager] Failed to create customer: samaneh@gmail.com
[2025-07-02 21:47:43.350] [INFO] [DatabaseManager] Attempting to connect to database: @/C:/Users/Virus-Co/IUT_FOOD/database/database_clean.sqlite
[2025-07-02 21:47:43.351] [INFO] [DatabaseManager] Database connected successfully
[2025-07-02 21:48:42.174] [ERROR] [DatabaseManager] Failed to create customer: samaneh@gmail.com
[2025-07-02 21:52:47.935] [INFO] [DatabaseManager] Customer created successfully: 123456
[2025-07-02 21:52:56.053] [ERROR] [DatabaseManager] Failed to create customer: 123456
[2025-07-02 22:02:45.955] [INFO] [DatabaseManager] Attempting to connect to database: @/C:/Users/Virus-Co/IUT_FOOD/database/database_clean.sqlite
[2025-07-02 22:02:45.956] [INFO] [DatabaseManager] Database connected successfully
[2025-07-02 22:08:43.855] [INFO] [DatabaseManager] Attempting to connect to database: @/C:/Users/Virus-Co/IUT_FOOD/database/database_clean.sqlite
[2025-07-02 22:08:43.856] [INFO] [DatabaseManager] Database connected successfully
[2025-07-02 22:12:11.362] [INFO] [DatabaseManager] Attempting to connect to database: @/C:/Users/Virus-Co/IUT_FOOD/database/database_clean.sqlite
[2025-07-02 22:12:11.362] [INFO] [DatabaseManager] Database connected successfully
[2025-07-02 22:25:19.681] [INFO] [DatabaseManager] Attempting to connect to database: @/C:/Users/Virus-Co/IUT_FOOD/database/database_clean.sqlite
[2025-07-02 22:25:19.682] [INFO] [DatabaseManager] Database connected successfully
[2025-07-02 22:39:27.158] [INFO] [DatabaseManager] Attempting to connect to database: @/C:/Users/Virus-Co/IUT_FOOD/database/database_clean.sqlite
[2025-07-02 22:39:27.159] [INFO] [DatabaseManager] Database connected successfully
[2025-07-02 22:40:50.880] [ERROR] [DatabaseManager] Failed to create customer: 123456
[2025-07-02 22:41:33.145] [INFO] [DatabaseManager] Customer created successfully: sim@gmail.com
[2025-07-02 22:46:06.144] [INFO] [DatabaseManager] Attempting to connect to database: @/C:/Users/Virus-Co/IUT_FOOD/database/database_clean.sqlite
[2025-07-02 22:46:06.146] [INFO] [DatabaseManager] Database connected successfully
[2025-07-02 22:56:19.772] [INFO] [DatabaseManager] Attempting to connect to database: @/C:/Users/Virus-Co/IUT_FOOD/database/database_clean.sqlite
[2025-07-02 22:56:19.772] [INFO] [DatabaseManager] Database connected successfully
[2025-07-02 23:02:52.690] [INFO] [DatabaseManager] Attempting to connect to database: @/C:/Users/Virus-Co/IUT_FOOD/database/database_clean.sqlite
[2025-07-02 23:02:52.691] [INFO] [DatabaseManager] Database connected successfully
[2025-07-02 23:17:45.164] [INFO] [DatabaseManager] Attempting to connect to database: @/C:/Users/Virus-Co/IUT_FOOD/database/database_clean.sqlite
[2025-07-02 23:17:45.165] [INFO] [DatabaseManager] Database connected successfully
[2025-07-02 23:35:13.309] [INFO] [DatabaseManager] Attempting to connect to database: @/C:/Users/Virus-Co/IUT_FOOD/database/database_clean.sqlite
[2025-07-02 23:35:13.313] [INFO] [DatabaseManager] Database connected successfully
